Duplicates for user "admin" are: 
c9d04c9565fc665c80681fb1d829938026871f66e14f501e08531df66938a789(file_hash)
     /admin/files/t.txt
     /admin/files/t2.txt
1121cfccd5913f0a63fec40a6ffd44ea64f9dc135c66634ba001d10bcf4302a2(file_hash)
     /admin/files/tests/3_0.txt
     /admin/files/tests/3_1.txt
     /admin/files/tests/3_2.txt
     /admin/files/tests/3_3.txt
4355a46b19d348dc2f57c046f8ef63d4538ebb936000f3c9ee954a27460dd865(file_hash)
     /admin/files/tests/1_0.txt
     /admin/files/tests/1_1.txt
53c234e5e8472b6ac51c1ae1cab3fe06fad053beb8ebfd8977b010655bfdd3c3(file_hash)
     /admin/files/tests/2_0.txt
     /admin/files/tests/2_1.txt
     /admin/files/tests/2_2.txt
