Skipped /admin/files/path_not_found because it doesn't exists.
Duplicates for user "admin" are: 
Skipped /tuser/files/path_not_found because it doesn't exists.
Duplicates for user "tuser" are: 
