/admin/files/tests/3_2.txt
/admin/files/tests/3_1.txt
/admin/files/tests/3_0.txt
/tuser/files/tests/3_1.txt
/tuser/files/tests/3_0.txt
