/tuser/files/tests2/3_3.txt
/tuser/files/tests2/0_0.txt
/tuser/files/tests2/3_2.txt
/tuser/files/tests2/1_1.txt
/tuser/files/tests2/2_0.txt
/tuser/files/tests2/1_0.txt
/tuser/files/tests2/3_1.txt
/tuser/files/tests2/2_2.txt
/tuser/files/tests2/3_0.txt
/tuser/files/tests2/2_1.txt
