/admin/files/tests/1_1.txt
/tuser/files/tests/1_1.txt
/tuser/files/tests2/1_1.txt
